  ▲ Next.js 14.2.35
  - Local:        http://localhost:3000

 ✓ Starting...
 ✓ Ready in 12.3s
 ○ Compiling / ...
 ✓ Compiled / in 17.5s (1479 modules)
 GET / 200 in 18440ms
 ✓ Compiled in 1198ms (722 modules)
 GET / 200 in 98ms
 ○ Compiling /products/[slug] ...
 ✓ Compiled /products/[slug] in 2s (1481 modules)
 GET /products/product-3 200 in 3728ms
 GET /products/product-4 200 in 57ms
 GET / 200 in 293ms
 GET / 200 in 92ms
 ✓ Compiled /favicon.ico in 518ms (804 modules)
 GET /favicon.ico 200 in 2035ms
 ✓ Compiled in 1076ms (1480 modules)
 GET / 200 in 348ms
 ✓ Compiled /favicon.ico in 420ms (789 modules)
 GET /favicon.ico 200 in 1679ms
 ✓ Compiled /products/[slug] in 358ms (772 modules)
 GET /products/product-3 200 in 1857ms
 GET / 200 in 151ms
